Archive member included to satisfy reference by file (symbol)

/Applications/STM32CubeIDE.app/Contents/Eclipse/plugins/com.st.stm32cube.ide.mcu.externaltools.gnu-tools-for-stm32.12.3.rel1.macos64_1.0.200.202406191456/tools/bin/../lib/gcc/arm-none-eabi/12.3.1/../../../../arm-none-eabi/lib/thumb/v7e-m+fp/hard/libc_nano.a(libc_a-exit.o)
                              /Applications/STM32CubeIDE.app/Contents/Eclipse/plugins/com.st.stm32cube.ide.mcu.externaltools.gnu-tools-for-stm32.12.3.rel1.macos64_1.0.200.202406191456/tools/bin/../lib/gcc/arm-none-eabi/12.3.1/../../../../arm-none-eabi/lib/thumb/v7e-m+fp/hard/crt0.o (exit)
/Applications/STM32CubeIDE.app/Contents/Eclipse/plugins/com.st.stm32cube.ide.mcu.externaltools.gnu-tools-for-stm32.12.3.rel1.macos64_1.0.200.202406191456/tools/bin/../lib/gcc/arm-none-eabi/12.3.1/../../../../arm-none-eabi/lib/thumb/v7e-m+fp/hard/libc_nano.a(libc_a-findfp.o)
                              /Applications/STM32CubeIDE.app/Contents/Eclipse/plugins/com.st.stm32cube.ide.mcu.externaltools.gnu-tools-for-stm32.12.3.rel1.macos64_1.0.200.202406191456/tools/bin/../lib/gcc/arm-none-eabi/12.3.1/../../../../arm-none-eabi/lib/thumb/v7e-m+fp/hard/libc_nano.a(libc_a-exit.o) (__stdio_exit_handler)
/Applications/STM32CubeIDE.app/Contents/Eclipse/plugins/com.st.stm32cube.ide.mcu.externaltools.gnu-tools-for-stm32.12.3.rel1.macos64_1.0.200.202406191456/tools/bin/../lib/gcc/arm-none-eabi/12.3.1/../../../../arm-none-eabi/lib/thumb/v7e-m+fp/hard/libc_nano.a(libc_a-fwalk.o)
                              /Applications/STM32CubeIDE.app/Contents/Eclipse/plugins/com.st.stm32cube.ide.mcu.externaltools.gnu-tools-for-stm32.12.3.rel1.macos64_1.0.200.202406191456/tools/bin/../lib/gcc/arm-none-eabi/12.3.1/../../../../arm-none-eabi/lib/thumb/v7e-m+fp/hard/libc_nano.a(libc_a-findfp.o) (_fwalk_sglue)
/Applications/STM32CubeIDE.app/Contents/Eclipse/plugins/com.st.stm32cube.ide.mcu.externaltools.gnu-tools-for-stm32.12.3.rel1.macos64_1.0.200.202406191456/tools/bin/../lib/gcc/arm-none-eabi/12.3.1/../../../../arm-none-eabi/lib/thumb/v7e-m+fp/hard/libc_nano.a(libc_a-memset.o)
                              /Applications/STM32CubeIDE.app/Contents/Eclipse/plugins/com.st.stm32cube.ide.mcu.externaltools.gnu-tools-for-stm32.12.3.rel1.macos64_1.0.200.202406191456/tools/bin/../lib/gcc/arm-none-eabi/12.3.1/../../../../arm-none-eabi/lib/thumb/v7e-m+fp/hard/crt0.o (memset)
/Applications/STM32CubeIDE.app/Contents/Eclipse/plugins/com.st.stm32cube.ide.mcu.externaltools.gnu-tools-for-stm32.12.3.rel1.macos64_1.0.200.202406191456/tools/bin/../lib/gcc/arm-none-eabi/12.3.1/../../../../arm-none-eabi/lib/thumb/v7e-m+fp/hard/libc_nano.a(libc_a-impure.o)
                              /Applications/STM32CubeIDE.app/Contents/Eclipse/plugins/com.st.stm32cube.ide.mcu.externaltools.gnu-tools-for-stm32.12.3.rel1.macos64_1.0.200.202406191456/tools/bin/../lib/gcc/arm-none-eabi/12.3.1/../../../../arm-none-eabi/lib/thumb/v7e-m+fp/hard/libc_nano.a(libc_a-findfp.o) (_impure_data)
/Applications/STM32CubeIDE.app/Contents/Eclipse/plugins/com.st.stm32cube.ide.mcu.externaltools.gnu-tools-for-stm32.12.3.rel1.macos64_1.0.200.202406191456/tools/bin/../lib/gcc/arm-none-eabi/12.3.1/../../../../arm-none-eabi/lib/thumb/v7e-m+fp/hard/libc_nano.a(libc_a-errno.o)
                              ./Src/syscalls.o (__errno)
/Applications/STM32CubeIDE.app/Contents/Eclipse/plugins/com.st.stm32cube.ide.mcu.externaltools.gnu-tools-for-stm32.12.3.rel1.macos64_1.0.200.202406191456/tools/bin/../lib/gcc/arm-none-eabi/12.3.1/../../../../arm-none-eabi/lib/thumb/v7e-m+fp/hard/libc_nano.a(libc_a-init.o)
                              /Applications/STM32CubeIDE.app/Contents/Eclipse/plugins/com.st.stm32cube.ide.mcu.externaltools.gnu-tools-for-stm32.12.3.rel1.macos64_1.0.200.202406191456/tools/bin/../lib/gcc/arm-none-eabi/12.3.1/../../../../arm-none-eabi/lib/thumb/v7e-m+fp/hard/crt0.o (__libc_init_array)
/Applications/STM32CubeIDE.app/Contents/Eclipse/plugins/com.st.stm32cube.ide.mcu.externaltools.gnu-tools-for-stm32.12.3.rel1.macos64_1.0.200.202406191456/tools/bin/../lib/gcc/arm-none-eabi/12.3.1/../../../../arm-none-eabi/lib/thumb/v7e-m+fp/hard/libc_nano.a(libc_a-lock.o)
                              /Applications/STM32CubeIDE.app/Contents/Eclipse/plugins/com.st.stm32cube.ide.mcu.externaltools.gnu-tools-for-stm32.12.3.rel1.macos64_1.0.200.202406191456/tools/bin/../lib/gcc/arm-none-eabi/12.3.1/../../../../arm-none-eabi/lib/thumb/v7e-m+fp/hard/libc_nano.a(libc_a-findfp.o) (__retarget_lock_init_recursive)
/Applications/STM32CubeIDE.app/Contents/Eclipse/plugins/com.st.stm32cube.ide.mcu.externaltools.gnu-tools-for-stm32.12.3.rel1.macos64_1.0.200.202406191456/tools/bin/../lib/gcc/arm-none-eabi/12.3.1/../../../../arm-none-eabi/lib/thumb/v7e-m+fp/hard/libc_nano.a(libc_a-mallocr.o)
[...]
Memory Configuration

Name             Origin             Length             Attributes
CCMRAM           0x10000000         0x00010000         xrw
RAM              0x20000000         0x00030000         xrw
FLASH            0x08000000         0x00200000         xr
*default*        0x00000000         0xffffffff

Linker script and memory map

LOAD /Applications/STM32CubeIDE.app/Contents/Eclipse/plugins/com.st.stm32cube.ide.mcu.externaltools.gnu-tools-for-stm32.12.3.rel1.macos64_1.0.200.202406191456/tools/bin/../lib/gcc/arm-none-eabi/12.3.1/thumb/v7e-m+fp/hard/crti.o
LOAD /Applications/STM32CubeIDE.app/Contents/Eclipse/plugins/com.st.stm32cube.ide.mcu.externaltools.gnu-tools-for-stm32.12.3.rel1.macos64_1.0.200.202406191456/tools/bin/../lib/gcc/arm-none-eabi/12.3.1/thumb/v7e-m+fp/hard/crtbegin.o
LOAD /Applications/STM32CubeIDE.app/Contents/Eclipse/plugins/com.st.stm32cube.ide.mcu.externaltools.gnu-tools-for-stm32.12.3.rel1.macos64_1.0.200.202406191456/tools/bin/../lib/gcc/arm-none-eabi/12.3.1/../../../../arm-none-eabi/lib/thumb/v7e-m+fp/hard/crt0.o
LOAD ./Src/main.o
LOAD ./Src/my_led.o
LOAD ./Src/syscalls.o
LOAD ./Src/sysmem.o
LOAD ./Startup/startup_stm32f429zitx.o
START GROUP
LOAD /Applications/STM32CubeIDE.app/Contents/Eclipse/plugins/com.st.stm32cube.ide.mcu.externaltools.gnu-tools-for-stm32.12.3.rel1.macos64_1.0.200.202406191456/tools/bin/../lib/gcc/arm-none-eabi/12.3.1/../../../../arm-none-eabi/lib/thumb/v7e-m+fp/hard/libc_nano.a
LOAD /Applications/STM32CubeIDE.app/Contents/Eclipse/plugins/com.st.stm32cube.ide.mcu.externaltools.gnu-tools-for-stm32.12.3.rel1.macos64_1.0.200.202406191456/tools/bin/../lib/gcc/arm-none-eabi/12.3.1/../../../../arm-none-eabi/lib/thumb/v7e-m+fp/hard/libm.a
END GROUP
START GROUP
LOAD /Applications/STM32CubeIDE.app/Contents/Eclipse/plugins/com.st.stm32cube.ide.mcu.externaltools.gnu-tools-for-stm32.12.3.rel1.macos64_1.0.200.202406191456/tools/bin/../lib/gcc/arm-none-eabi/12.3.1/thumb/v7e-m+fp/hard/libgcc.a
LOAD /Applications/STM32CubeIDE.app/Contents/Eclipse/plugins/com.st.stm32cube.ide.mcu.externaltools.gnu-tools-for-stm32.12.3.rel1.macos64_1.0.200.202406191456/tools/bin/../lib/gcc/arm-none-eabi/12.3.1/../../../../arm-none-eabi/lib/thumb/v7e-m+fp/hard/libc_nano.a
END GROUP
START GROUP
LOAD /Applications/STM32CubeIDE.app/Contents/Eclipse/plugins/com.st.stm32cube.ide.mcu.externaltools.gnu-tools-for-stm32.12.3.rel1.macos64_1.0.200.202406191456/tools/bin/../lib/gcc/arm-none-eabi/12.3.1/thumb/v7e-m+fp/hard/libgcc.a
LOAD /Applications/STM32CubeIDE.app/Contents/Eclipse/plugins/com.st.stm32cube.ide.mcu.externaltools.gnu-tools-for-stm32.12.3.rel1.macos64_1.0.200.202406191456/tools/bin/../lib/gcc/arm-none-eabi/12.3.1/../../../../arm-none-eabi/lib/thumb/v7e-m+fp/hard/libc_nano.a
LOAD /Applications/STM32CubeIDE.app/Contents/Eclipse/plugins/com.st.stm32cube.ide.mcu.externaltools.gnu-tools-for-stm32.12.3.rel1.macos64_1.0.200.202406191456/tools/bin/../lib/gcc/arm-none-eabi/12.3.1/../../../../arm-none-eabi/lib/thumb/v7e-m+fp/hard/libnosys.a
END GROUP
START GROUP
LOAD /Applications/STM32CubeIDE.app/Contents/Eclipse/plugins/com.st.stm32cube.ide.mcu.externaltools.gnu-tools-for-stm32.12.3.rel1.macos64_1.0.200.202406191456/tools/bin/../lib/gcc/arm-none-eabi/12.3.1/thumb/v7e-m+fp/hard/libgcc.a
LOAD /Applications/STM32CubeIDE.app/Contents/Eclipse/plugins/com.st.stm32cube.ide.mcu.externaltools.gnu-tools-for-stm32.12.3.rel1.macos64_1.0.200.202406191456/tools/bin/../lib/gcc/arm-none-eabi/12.3.1/../../../../arm-none-eabi/lib/thumb/v7e-m+fp/hard/libc_nano.a
LOAD /Applications/STM32CubeIDE.app/Contents/Eclipse/plugins/com.st.stm32cube.ide.mcu.externaltools.gnu-tools-for-stm32.12.3.rel1.macos64_1.0.200.202406191456/tools/bin/../lib/gcc/arm-none-eabi/12.3.1/../../../../arm-none-eabi/lib/thumb/v7e-m+fp/hard/libnosys.a
END GROUP
LOAD /Applications/STM32CubeIDE.app/Contents/Eclipse/plugins/com.st.stm32cube.ide.mcu.externaltools.gnu-tools-for-stm32.12.3.rel1.macos64_1.0.200.202406191456/tools/bin/../lib/gcc/arm-none-eabi/12.3.1/thumb/v7e-m+fp/hard/crtend.o
LOAD /Applications/STM32CubeIDE.app/Contents/Eclipse/plugins/com.st.stm32cube.ide.mcu.externaltools.gnu-tools-for-stm32.12.3.rel1.macos64_1.0.200.202406191456/tools/bin/../lib/gcc/arm-none-eabi/12.3.1/thumb/v7e-m+fp/hard/crtn.o
                0x20030000                        _estack = (ORIGIN (RAM) + LENGTH (RAM))
                0x00000200                        _Min_Heap_Size = 0x200
                0x00000400                        _Min_Stack_Size = 0x400

.isr_vector     0x08000000      0x1ac
                0x08000000                        . = ALIGN (0x4)
 *(.isr_vector)
 .isr_vector    0x08000000      0x1ac ./Startup/startup_stm32f429zitx.o
                0x08000000                g_pfnVectors
                0x080001ac                        . = ALIGN (0x4)

.text           0x080001ac      0x544
                0x080001ac                        . = ALIGN (0x4)
 *(.text)
 .text          0x080001ac       0x40 /Applications/STM32CubeIDE.app/Contents/Eclipse/plugins/com.st.stm32cube.ide.mcu.externaltools.gnu-tools-for-stm32.12.3.rel1.macos64_1.0.200.202406191456/tools/bin/../lib/gcc/arm-none-eabi/12.3.1/thumb/v7e-m+fp/hard/crtbegin.o
 *(.text*)
 .text.main     0x080001ec       0x5c ./Src/main.o
                0x080001ec                main
 .text.task1    0x08000248       0x28 ./Src/main.o
                0x08000248                task1
 .text.task2    0x08000270       0x28 ./Src/main.o
                0x08000270                task2
 .text.task3    0x08000298       0x28 ./Src/main.o
                0x08000298                task3
 .text.task4    0x080002c0       0x28 ./Src/main.o
                0x080002c0                task4
 .text.init_systick_tim
                0x080002e8       0x7c ./Src/main.o
                0x080002e8                init_systick_tim
 .text.init_schd_task
                0x08000364        0xa ./Src/main.o
                0x08000364                init_schd_task
 *fill*         0x0800036e        0x2 
 .text.init_stack_tasks
                0x08000370       0x90 ./Src/main.o
                0x08000370                init_stack_tasks
 .text.processor_fault_enable
                0x08000400       0x40 ./Src/main.o
                0x08000400                processor_fault_enable
 .text.get_psp_current_value
                0x08000440       0x24 ./Src/main.o
                0x08000440                get_psp_current_value
 .text.set_sp_to_psp
                0x08000464       0x1a ./Src/main.o
                0x08000464                set_sp_to_psp
 *fill*         0x0800047e        0x2 
 .text.save_psp_current_value
                0x08000480       0x2c ./Src/main.o
                0x08000480                save_psp_current_value
 .text.update_the_next_task
                0x080004ac       0x2c ./Src/main.o
                0x080004ac                update_the_next_task
 .text.SysTick_Handler
                0x080004d8       0x26 ./Src/main.o
                0x080004d8                SysTick_Handler
 .text.MemManage_Handler
                0x080004fe        0x8 ./Src/main.o
                0x080004fe                MemManage_Handler
 .text.BusFault_Handler
                0x08000506        0x8 ./Src/main.o
                0x08000506                BusFault_Handler
 .text.UsageFault_Handler
                0x0800050e        0x8 ./Src/main.o
                0x0800050e                UsageFault_Handler
 .text.delay    0x08000516       0x2a ./Src/my_led.o
                0x08000516                delay
 .text.led_init
                0x08000540       0x64 ./Src/my_led.o
                0x08000540                led_init
 .text.led_on   0x080005a4       0x4c ./Src/my_led.o
                0x080005a4                led_on
 .text.led_off  0x080005f0       0x4c ./Src/my_led.o
                0x080005f0                led_off
 .text.Reset_Handler
                0x0800063c       0x50 ./Startup/startup_stm32f429zitx.o
                0x0800063c                Reset_Handler
 .text.Default_Handler
                0x0800068c        0x2 ./Startup/startup_stm32f429zitx.o
                0x0800068c                DMA1_Stream3_IRQHandler
                0x0800068c                HASH_RNG_IRQHandler
                0x0800068c                EXTI2_IRQHandler
                0x0800068c                TIM8_CC_IRQHandler
                0x0800068c                DebugMon_Handler
                0x0800068c                UART8_IRQHandler
                0x0800068c                SPI4_IRQHandler
                0x0800068c                TIM1_CC_IRQHandler
                0x0800068c                DMA2_Stream5_IRQHandler
                0x0800068c                HardFault_Handler
                0x0800068c                DMA1_Stream5_IRQHandler
                0x0800068c                PVD_IRQHandler
                0x0800068c                SDIO_IRQHandler
                0x0800068c                TAMP_STAMP_IRQHandler
                0x0800068c                PendSV_Handler
                0x0800068c                NMI_Handler
                0x0800068c                CAN2_RX1_IRQHandler
                0x0800068c                EXTI3_IRQHandler
                0x0800068c                TIM8_TRG_COM_TIM14_IRQHandler
                0x0800068c                TIM1_UP_TIM10_IRQHandler
                0x0800068c                TIM8_UP_TIM13_IRQHandler
                0x0800068c                I2C3_ER_IRQHandler
                0x0800068c                LCD_TFT_IRQHandler
                0x0800068c                EXTI0_IRQHandler
                0x0800068c                I2C2_EV_IRQHandler
                0x0800068c                DMA1_Stream2_IRQHandler
                0x0800068c                CAN1_RX0_IRQHandler
                0x0800068c                FPU_IRQHandler
                0x0800068c                OTG_HS_WKUP_IRQHandler
                0x0800068c                CAN2_SCE_IRQHandler
                0x0800068c                DMA2_Stream2_IRQHandler
                0x0800068c                SPI1_IRQHandler
                0x0800068c                TIM6_DAC_IRQHandler
                0x0800068c                TIM1_BRK_TIM9_IRQHandler
                0x0800068c                DCMI_IRQHandler
                0x0800068c                CAN2_RX0_IRQHandler
                0x0800068c                DMA2_Stream3_IRQHandler
                0x0800068c                USART6_IRQHandler
                0x0800068c                USART3_IRQHandler
                0x0800068c                CRYP_IRQHandler
                0x0800068c                CAN1_RX1_IRQHandler
                0x0800068c                UART5_IRQHandler
                0x0800068c                DMA2_Stream0_IRQHandler
                0x0800068c                TIM4_IRQHandler
                0x0800068c                I2C1_EV_IRQHandler
                0x0800068c                DMA1_Stream6_IRQHandler
                0x0800068c                DMA1_Stream1_IRQHandler
                0x0800068c                UART4_IRQHandler
                0x0800068c                LCD_TFT_1_IRQHandler
                0x0800068c                TIM3_IRQHandler
                0x0800068c                RCC_IRQHandler
                0x0800068c                TIM8_BRK_TIM12_IRQHandler
                0x0800068c                Default_Handler
                0x0800068c                EXTI15_10_IRQHandler
                0x0800068c                ADC_IRQHandler
                0x0800068c                DMA1_Stream7_IRQHandler
                0x0800068c                SPI5_IRQHandler
                0x0800068c                TIM7_IRQHandler
                0x0800068c                CAN2_TX_IRQHandler
                0x0800068c                TIM5_IRQHandler
                0x0800068c                DMA2_Stream7_IRQHandler
                0x0800068c                I2C3_EV_IRQHandler
                0x0800068c                EXTI9_5_IRQHandler
                0x0800068c                RTC_WKUP_IRQHandler
                0x0800068c                ETH_WKUP_IRQHandler
                0x0800068c                SPI2_IRQHandler
                0x0800068c                OTG_HS_EP1_IN_IRQHandler
                0x0800068c                DMA1_Stream0_IRQHandler
                0x0800068c                CAN1_TX_IRQHandler
                0x0800068c                SVC_Handler
                0x0800068c                EXTI4_IRQHandler
                0x0800068c                ETH_IRQHandler
                0x0800068c                OTG_HS_EP1_OUT_IRQHandler
                0x0800068c                WWDG_IRQHandler
                0x0800068c                SPI6_IRQHandler
                0x0800068c                TIM2_IRQHandler
                0x0800068c                OTG_FS_WKUP_IRQHandler
                0x0800068c                TIM1_TRG_COM_TIM11_IRQHandler
                0x0800068c                OTG_HS_IRQHandler
                0x0800068c                DMA2D_IRQHandler
                0x0800068c                EXTI1_IRQHandler
                0x0800068c                UART7_IRQHandler
                0x0800068c                USART2_IRQHandler
                0x0800068c                I2C2_ER_IRQHandler
                0x0800068c                DMA2_Stream1_IRQHandler
                0x0800068c                CAN1_SCE_IRQHandler
                0x0800068c                FLASH_IRQHandler
                0x0800068c                DMA2_Stream4_IRQHandler
                0x0800068c                USART1_IRQHandler
                0x0800068c                OTG_FS_IRQHandler
                0x0800068c                SPI3_IRQHandler
                0x0800068c                DMA1_Stream4_IRQHandler
                0x0800068c                I2C1_ER_IRQHandler
                0x0800068c                FMC_IRQHandler
                0x0800068c                DMA2_Stream6_IRQHandler
                0x0800068c                SAI1_IRQHandler
                0x0800068c                RTC_Alarm_IRQHandler
 *fill*         0x0800068e        0x2 
 .text.__libc_init_array
                0x08000690       0x48 /Applications/STM32CubeIDE.app/Contents/Eclipse/plugins/com.st.stm32cube.ide.mcu.externaltools.gnu-tools-for-stm32.12.3.rel1.macos64_1.0.200.202406191456/tools/bin/../lib/gcc/arm-none-eabi/12.3.1/../../../../arm-none-eabi/lib/thumb/v7e-m+fp/hard/libc_nano.a(libc_a-init.o)
                0x08000690                __libc_init_array
 *(.glue_7)
 .glue_7        0x080006d8        0x0 linker stubs
 *(.glue_7t)
 .glue_7t       0x080006d8        0x0 linker stubs
 *(.eh_frame)
 .eh_frame      0x080006d8        0x0 /Applications/STM32CubeIDE.app/Contents/Eclipse/plugins/com.st.stm32cube.ide.mcu.externaltools.gnu-tools-for-stm32.12.3.rel1.macos64_1.0.200.202406191456/tools/bin/../lib/gcc/arm-none-eabi/12.3.1/thumb/v7e-m+fp/hard/crtbegin.o
 *(.init)
 .init          0x080006d8        0x4 /Applications/STM32CubeIDE.app/Contents/Eclipse/plugins/com.st.stm32cube.ide.mcu.externaltools.gnu-tools-for-stm32.12.3.rel1.macos64_1.0.200.202406191456/tools/bin/../lib/gcc/arm-none-eabi/12.3.1/thumb/v7e-m+fp/hard/crti.o
                0x080006d8                _init
 .init          0x080006dc        0x8 /Applications/STM32CubeIDE.app/Contents/Eclipse/plugins/com.st.stm32cube.ide.mcu.externaltools.gnu-tools-for-stm32.12.3.rel1.macos64_1.0.200.202406191456/tools/bin/../lib/gcc/arm-none-eabi/12.3.1/thumb/v7e-m+fp/hard/crtn.o
 *(.fini)
 .fini          0x080006e4        0x4 /Applications/STM32CubeIDE.app/Contents/Eclipse/plugins/com.st.stm32cube.ide.mcu.externaltools.gnu-tools-for-stm32.12.3.rel1.macos64_1.0.200.202406191456/tools/bin/../lib/gcc/arm-none-eabi/12.3.1/thumb/v7e-m+fp/hard/crti.o
                0x080006e4                _fini
 .fini          0x080006e8        0x8 /Applications/STM32CubeIDE.app/Contents/Eclipse/plugins/com.st.stm32cube.ide.mcu.externaltools.gnu-tools-for-stm32.12.3.rel1.macos64_1.0.200.202406191456/tools/bin/../lib/gcc/arm-none-eabi/12.3.1/thumb/v7e-m+fp/hard/crtn.o
                0x080006f0                        . = ALIGN (0x4)
                0x080006f0                        _etext = .

.vfp11_veneer   0x080006f0        0x0
 .vfp11_veneer  0x080006f0        0x0 linker stubs

.v4_bx          0x080006f0        0x0
 .v4_bx         0x080006f0        0x0 linker stubs

.iplt           0x080006f0        0x0
 .iplt          0x080006f0        0x0 /Applications/STM32CubeIDE.app/Contents/Eclipse/plugins/com.st.stm32cube.ide.mcu.externaltools.gnu-tools-for-stm32.12.3.rel1.macos64_1.0.200.202406191456/tools/bin/../lib/gcc/arm-none-eabi/12.3.1/thumb/v7e-m+fp/hard/crtbegin.o

.rodata         0x080006f0        0x0
                0x080006f0                        . = ALIGN (0x4)
 *(.rodata)
 *(.rodata*)
                0x080006f0                        . = ALIGN (0x4)

.ARM.extab      0x080006f0        0x0
                0x080006f0                        . = ALIGN (0x4)
 *(.ARM.extab* .gnu.linkonce.armextab.*)
                0x080006f0                        . = ALIGN (0x4)

.ARM            0x080006f0        0x0
                0x080006f0                        . = ALIGN (0x4)
                0x080006f0                        __exidx_start = .
 *(.ARM.exidx*)
                0x080006f0                        __exidx_end = .
                0x080006f0                        . = ALIGN (0x4)

.preinit_array  0x080006f0        0x0
                0x080006f0                        . = ALIGN (0x4)
                0x080006f0                        PROVIDE (__preinit_array_start = .)
 *(.preinit_array*)
                0x080006f0                        PROVIDE (__preinit_array_end = .)
                0x080006f0                        . = ALIGN (0x4)

.init_array     0x080006f0        0x4
                0x080006f0                        . = ALIGN (0x4)
                0x080006f0                        PROVIDE (__init_array_start = .)
 *(SORT_BY_NAME(.init_array.*))
 *(.init_array*)
 .init_array    0x080006f0        0x4 /Applications/STM32CubeIDE.app/Contents/Eclipse/plugins/com.st.stm32cube.ide.mcu.externaltools.gnu-tools-for-stm32.12.3.rel1.macos64_1.0.200.202406191456/tools/bin/../lib/gcc/arm-none-eabi/12.3.1/thumb/v7e-m+fp/hard/crtbegin.o
                0x080006f4                        PROVIDE (__init_array_end = .)
                0x080006f4                        . = ALIGN (0x4)

.fini_array     0x080006f4        0x4
                0x080006f4                        . = ALIGN (0x4)
                [!provide]                        PROVIDE (__fini_array_start = .)
 *(SORT_BY_NAME(.fini_array.*))
 *(.fini_array*)
 .fini_array    0x080006f4        0x4 /Applications/STM32CubeIDE.app/Contents/Eclipse/plugins/com.st.stm32cube.ide.mcu.externaltools.gnu-tools-for-stm32.12.3.rel1.macos64_1.0.200.202406191456/tools/bin/../lib/gcc/arm-none-eabi/12.3.1/thumb/v7e-m+fp/hard/crtbegin.o
                [!provide]                        PROVIDE (__fini_array_end = .)
                0x080006f8                        . = ALIGN (0x4)
                0x080006f8                        _sidata = LOADADDR (.data)

.rel.dyn        0x080006f8        0x0
 .rel.iplt      0x080006f8        0x0 /Applications/STM32CubeIDE.app/Contents/Eclipse/plugins/com.st.stm32cube.ide.mcu.externaltools.gnu-tools-for-stm32.12.3.rel1.macos64_1.0.200.202406191456/tools/bin/../lib/gcc/arm-none-eabi/12.3.1/thumb/v7e-m+fp/hard/crtbegin.o

.data           0x20000000       0x10 load address 0x080006f8
                0x20000000                        . = ALIGN (0x4)
                0x20000000                        _sdata = .
 *(.data)
 *(.data*)
 .data.task_psp_holder
                0x20000000       0x10 ./Src/main.o
                0x20000000                task_psp_holder
 *(.RamFunc)
 *(.RamFunc*)
                0x20000010                        . = ALIGN (0x4)
                0x20000010                        _edata = .
                0x08000708                        _siccmram = LOADADDR (.ccmram)

.igot.plt       0x20000010        0x0 load address 0x08000708
 .igot.plt      0x20000010        0x0 /Applications/STM32CubeIDE.app/Contents/Eclipse/plugins/com.st.stm32cube.ide.mcu.externaltools.gnu-tools-for-stm32.12.3.rel1.macos64_1.0.200.202406191456/tools/bin/../lib/gcc/arm-none-eabi/12.3.1/thumb/v7e-m+fp/hard/crtbegin.o

.ccmram         0x10000000        0x0 load address 0x08000708
                0x10000000                        . = ALIGN (0x4)
                0x10000000                        _sccmram = .
 *(.ccmram)
 *(.ccmram*)
                0x10000000                        . = ALIGN (0x4)
                0x10000000                        _eccmram = .
                0x10000000                        . = ALIGN (0x4)

.bss            0x20000010       0x30
                0x20000010                        _sbss = .
                0x20000010                        __bss_start__ = _sbss
 *(.bss)
 .bss           0x20000010       0x1c /Applications/STM32CubeIDE.app/Contents/Eclipse/plugins/com.st.stm32cube.ide.mcu.externaltools.gnu-tools-for-stm32.12.3.rel1.macos64_1.0.200.202406191456/tools/bin/../lib/gcc/arm-none-eabi/12.3.1/thumb/v7e-m+fp/hard/crtbegin.o
 *(.bss*)
 .bss.task_handler_holder
                0x2000002c       0x10 ./Src/main.o
                0x2000002c                task_handler_holder
 .bss.current_task
                0x2000003c        0x1 ./Src/main.o
                0x2000003c                current_task
 *(COMMON)
                0x20000040                        . = ALIGN (0x4)
 *fill*         0x2000003d        0x3 
                0x20000040                        _ebss = .
                0x20000040                        __bss_end__ = _ebss

._user_heap_stack
                0x20000040      0x600
                0x20000040                        . = ALIGN (0x8)
                [!provide]                        PROVIDE (end = .)
                0x20000040                        PROVIDE (_end = .)
                0x20000240                        . = (. + _Min_Heap_Size)
 *fill*         0x20000040      0x200 
                0x20000640                        . = (. + _Min_Stack_Size)
 *fill*         0x20000240      0x400 
                0x20000640                        . = ALIGN (0x8)

/DISCARD/
 libc.a(*)
 libm.a(*)
 libgcc.a(*)

.ARM.attributes
                0x00000000       0x30
 *(.ARM.attributes)
 .ARM.attributes
                0x00000000       0x22 /Applications/STM32CubeIDE.app/Contents/Eclipse/plugins/com.st.stm32cube.ide.mcu.externaltools.gnu-tools-for-stm32.12.3.rel1.macos64_1.0.200.202406191456/tools/bin/../lib/gcc/arm-none-eabi/12.3.1/thumb/v7e-m+fp/hard/crti.o
 .ARM.attributes
                0x00000022       0x34 /Applications/STM32CubeIDE.app/Contents/Eclipse/plugins/com.st.stm32cube.ide.mcu.externaltools.gnu-tools-for-stm32.12.3.rel1.macos64_1.0.200.202406191456/tools/bin/../lib/gcc/arm-none-eabi/12.3.1/thumb/v7e-m+fp/hard/crtbegin.o
 .ARM.attributes
                0x00000056       0x34 ./Src/main.o
 .ARM.attributes
                0x0000008a       0x34 ./Src/my_led.o
 .ARM.attributes
                0x000000be       0x21 ./Startup/startup_stm32f429zitx.o
 .ARM.attributes
                0x000000df       0x34 /Applications/STM32CubeIDE.app/Contents/Eclipse/plugins/com.st.stm32cube.ide.mcu.externaltools.gnu-tools-for-stm32.12.3.rel1.macos64_1.0.200.202406191456/tools/bin/../lib/gcc/arm-none-eabi/12.3.1/../../../../arm-none-eabi/lib/thumb/v7e-m+fp/hard/libc_nano.a(libc_a-init.o)
 .ARM.attributes
                0x00000113       0x22 /Applications/STM32CubeIDE.app/Contents/Eclipse/plugins/com.st.stm32cube.ide.mcu.externaltools.gnu-tools-for-stm32.12.3.rel1.macos64_1.0.200.202406191456/tools/bin/../lib/gcc/arm-none-eabi/12.3.1/thumb/v7e-m+fp/hard/crtn.o
OUTPUT(task_schedl.elf elf32-littlearm)
LOAD linker stubs
LOAD /Applications/STM32CubeIDE.app/Contents/Eclipse/plugins/com.st.stm32cube.ide.mcu.externaltools.gnu-tools-for-stm32.12.3.rel1.macos64_1.0.200.202406191456/tools/bin/../lib/gcc/arm-none-eabi/12.3.1/../../../../arm-none-eabi/lib/thumb/v7e-m+fp/hard/libc.a
LOAD /Applications/STM32CubeIDE.app/Contents/Eclipse/plugins/com.st.stm32cube.ide.mcu.externaltools.gnu-tools-for-stm32.12.3.rel1.macos64_1.0.200.202406191456/tools/bin/../lib/gcc/arm-none-eabi/12.3.1/../../../../arm-none-eabi/lib/thumb/v7e-m+fp/hard/libm.a
LOAD /Applications/STM32CubeIDE.app/Contents/Eclipse/plugins/com.st.stm32cube.ide.mcu.externaltools.gnu-tools-for-stm32.12.3.rel1.macos64_1.0.200.202406191456/tools/bin/../lib/gcc/arm-none-eabi/12.3.1/thumb/v7e-m+fp/hard/libgcc.a

.debug_info     0x00000000      0x553
 .debug_info    0x00000000      0x345 ./Src/main.o
 .debug_info    0x00000345      0x1de ./Src/my_led.o
 .debug_info    0x00000523       0x30 ./Startup/startup_stm32f429zitx.o

.debug_abbrev   0x00000000      0x2d6
 .debug_abbrev  0x00000000      0x1a7 ./Src/main.o
 .debug_abbrev  0x000001a7      0x10b ./Src/my_led.o
 .debug_abbrev  0x000002b2       0x24 ./Startup/startup_stm32f429zitx.o

.debug_aranges  0x00000000      0x100
 .debug_aranges
                0x00000000       0xa0 ./Src/main.o
 .debug_aranges
                0x000000a0       0x38 ./Src/my_led.o
 .debug_aranges
                0x000000d8       0x28 ./Startup/startup_stm32f429zitx.o

.debug_rnglists
                0x00000000       0xb2
 .debug_rnglists
                0x00000000       0x74 ./Src/main.o
 .debug_rnglists
                0x00000074       0x25 ./Src/my_led.o
 .debug_rnglists
                0x00000099       0x19 ./Startup/startup_stm32f429zitx.o

.debug_macro    0x00000000     0x1c91
 .debug_macro   0x00000000      0x152 ./Src/main.o
 .debug_macro   0x00000152      0xac0 ./Src/main.o
 .debug_macro   0x00000c12       0x22 ./Src/main.o
 .debug_macro   0x00000c34       0x8e ./Src/main.o
 .debug_macro   0x00000cc2       0x51 ./Src/main.o
 .debug_macro   0x00000d13      0x103 ./Src/main.o
 .debug_macro   0x00000e16       0x6a ./Src/main.o
 .debug_macro   0x00000e80      0x1df ./Src/main.o
 .debug_macro   0x0000105f       0x61 ./Src/main.o
 .debug_macro   0x000010c0       0x2a ./Src/main.o
 .debug_macro   0x000010ea       0x43 ./Src/main.o
 .debug_macro   0x0000112d       0x34 ./Src/main.o
 .debug_macro   0x00001161       0x16 ./Src/main.o
 .debug_macro   0x00001177       0x9e ./Src/main.o
 .debug_macro   0x00001215      0x369 ./Src/main.o
 .debug_macro   0x0000157e      0x10b ./Src/main.o
 .debug_macro   0x00001689       0x10 ./Src/main.o
 .debug_macro   0x00001699       0x16 ./Src/main.o
 .debug_macro   0x000016af       0x43 ./Src/main.o
 .debug_macro   0x000016f2       0x34 ./Src/main.o
 .debug_macro   0x00001726       0x10 ./Src/main.o
 .debug_macro   0x00001736       0x58 ./Src/main.o
 .debug_macro   0x0000178e       0x8e ./Src/main.o
 .debug_macro   0x0000181c       0x1c ./Src/main.o
 .debug_macro   0x00001838      0x177 ./Src/main.o
 .debug_macro   0x000019af       0x16 ./Src/main.o
 .debug_macro   0x000019c5       0x16 ./Src/main.o
 .debug_macro   0x000019db      0x146 ./Src/main.o
 .debug_macro   0x00001b21       0x82 ./Src/main.o
 .debug_macro   0x00001ba3       0x82 ./Src/main.o
 .debug_macro   0x00001c25       0x6c ./Src/my_led.o

.debug_line     0x00000000      0xcb1
 .debug_line    0x00000000      0x7cf ./Src/main.o
 .debug_line    0x000007cf      0x467 ./Src/my_led.o
 .debug_line    0x00000c36       0x7b ./Startup/startup_stm32f429zitx.o

.debug_str      0x00000000     0x7d46
 .debug_str     0x00000000     0x7ca2 ./Src/main.o
                               0x7e9f (size before relaxing)
 .debug_str     0x00007ca2       0x65 ./Src/my_led.o
                               0x3fde (size before relaxing)
 .debug_str     0x00007d07       0x3f ./Startup/startup_stm32f429zitx.o
                                 0x7b (size before relaxing)

.comment        0x00000000       0x43
 .comment       0x00000000       0x43 ./Src/main.o
                                 0x44 (size before relaxing)
 .comment       0x00000043       0x44 ./Src/my_led.o

.debug_frame    0x00000000      0x2cc
 .debug_frame   0x00000000      0x1f4 ./Src/main.o
 .debug_frame   0x000001f4       0xac ./Src/my_led.o
 .debug_frame   0x000002a0       0x2c /Applications/STM32CubeIDE.app/Contents/Eclipse/plugins/com.st.stm32cube.ide.mcu.externaltools.gnu-tools-for-stm32.12.3.rel1.macos64_1.0.200.202406191456/tools/bin/../lib/gcc/arm-none-eabi/12.3.1/../../../../arm-none-eabi/lib/thumb/v7e-m+fp/hard/libc_nano.a(libc_a-init.o)

.debug_line_str
                0x00000000       0x5f
 .debug_line_str
                0x00000000       0x5f ./Startup/startup_stm32f429zitx.o
